Script started on 2022-03-28 11:51:07+05:30 [TERM="xterm-256color" TTY="/dev/tty1" COLUMNS="120" LINES="30"]
To run a command as administrator (user "root"), use "sudo <command>".
See "man sudo_root" for details.

]0;pranjali@TIGER02498: ~[01;32mpranjali@TIGER02498[00m:[01;34m~[00m$ script -a ~/git_session.txt [C[C[C[C[C[C[C[C[C[C[C[C[C[C[C[C[C[C[C[C[C[C[Cls[Kgit log --oneline --decorate --graph --all[C[C[C[C[C[C[C[C[C[C[C[C[C[C[C[C[C[C[C[C[C[C[C[C[C[C[C[23Pcheckout master[K[K[K[K[K[K[K[K[K[K[K[K[K[K[K[K[K[K[Kcd mylibgit/
]0;pranjali@TIGER02498: ~/mylibgit[01;32mpranjali@TIGER02498[00m:[01;34m~/mylibgit[00m$ git checkout main
Switched to branch 'main'
Your branch is ahead of 'origin/main' by 3 commits.
  (use "git push" to publish your local commits)
]0;pranjali@TIGER02498: ~/mylibgit[01;32mpranjali@TIGER02498[00m:[01;34m~/mylibgit[00m$ git checkout -b hotfix
Switched to a new branch 'hotfix'
]0;pranjali@TIGER02498: ~/mylibgit[01;32mpranjali@TIGER02498[00m:[01;34m~/mylibgit[00m$ git checkout -b hotfix[5Pmain[5Pcd mylibgit/script -a ~/git_session.txt ls[Kgit log --oneline --decorate --graph --all[C[C[C[C[C[C[C[C[C[C[C[C[C[C[C[C[C[C[C[C[C[C[C[C[C[C[C[C[C[C[C[C[C[C[C[C[23Pcheckout masterommit -a -m 'create new footer[issue 53]'[C[C[C[C[C[C[C[C[C[C[C[C[C[C[C[C[C[C[C[C[C[C[C[C[C[C[C[C[C[C[C[C[C[C[C[C[C[27Pheckout master[K[K[K[K[K[K[K[K[K[K[K[K[K[K[K[K[K[K[Kvim index,[K.html
[?1049h[22;0;0t[>4;2m[?1h=[?2004h[1;30r[?12h[?12l[22;2t[22;1t[27m[23m[29m[m[H[2J[?25l[30;1H"index.html" 0L, 0C[2;1H▽[6n[2;1H  [1;1H[>c]10;?]11;?[2;1H[94m~                                                                                                                       [3;1H~                                                                                                                       [4;1H~                                                                                                                       [5;1H~                                                                                                                       [6;1H~                                                                                                                       [7;1H~                                                                                                                       [8;1H~                                                                                                                       [9;1H~                                                                                                                       [10;1H~                                                                                                                       [11;1H~                                                                                                                       [12;1H~                                                                                                                       [13;1H~                                                                                                                       [14;1H~                                                                                                                       [15;1H~                                                                                                                       [16;1H~                                                                                                                       [17;1H~                                                                                                                       [18;1H~                                                                                                                       [19;1H~                                                                                                                       [20;1H~                                                                                                                       [21;1H~                                                                                                                       [22;1H~                                                                                                                       [23;1H~                                                                                                                       [24;1H~                                                                                                                       [25;1H~                                                                                                                       [26;1H~                                                                                                                       [27;1H~                                                                                                                       [28;1H~                                                                                                                       [29;1H~                                                                                                                       [m[30;103H0,0-1[9CAll[1;1H[?25h[?25l[30;93H^[[1;1H[30;93H  [1;1H[30;93H^[[1;1H[30;93H  [1;1H[?25h[?25l[30;93H:[1;1H[30;1H[K[30;1H:[?2004h[?25hwq[?25l[?2004l"index.html" 0L, 0C written[23;2t[23;1t
[?2004l[?1l>[?25h[>4;m[?1049l[23;0;0t]0;pranjali@TIGER02498: ~/mylibgit[01;32mpranjali@TIGER02498[00m:[01;34m~/mylibgit[00m$ git commit -a -m 'Fix broken ea[Knail[K[K[K[Kmail address'
On branch hotfix
Untracked files:
  (use "git add <file>..." to include in what will be committed)
	[31mindex.html[m

nothing added to commit but untracked files present (use "git add" to track)
]0;pranjali@TIGER02498: ~/mylibgit[01;32mpranjali@TIGER02498[00m:[01;34m~/mylibgit[00m$ git checkout master
error: pathspec 'master' did not match any file(s) known to git
]0;pranjali@TIGER02498: ~/mylibgit[01;32mpranjali@TIGER02498[00m:[01;34m~/mylibgit[00m$ git checkout master[K[K[K[K[Kain
Switched to branch 'main'
Your branch is ahead of 'origin/main' by 3 commits.
  (use "git push" to publish your local commits)
]0;pranjali@TIGER02498: ~/mylibgit[01;32mpranjali@TIGER02498[00m:[01;34m~/mylibgit[00m$ git merge hotfix
Already up to date.
]0;pranjali@TIGER02498: ~/mylibgit[01;32mpranjali@TIGER02498[00m:[01;34m~/mylibgit[00m$ git be[Kranch -d hotfix
Deleted branch hotfix (was 486ee93b4).
]0;pranjali@TIGER02498: ~/mylibgit[01;32mpranjali@TIGER02498[00m:[01;34m~/mylibgit[00m$  git checkout iss53
Switched to branch 'iss53'
]0;pranjali@TIGER02498: ~/mylibgit[01;32mpranjali@TIGER02498[00m:[01;34m~/mylibgit[00m$  vim index.html
[?1049h[22;0;0t[>4;2m[?1h=[?2004h[1;30r[?12h[?12l[22;2t[22;1t[27m[23m[29m[m[H[2J[?25l[30;1H"index.html" 0L, 0C[2;1H▽[6n[2;1H  [1;1H[>c]10;?]11;?[2;1H[94m~                                                                                                                       [3;1H~                                                                                                                       [4;1H~                                                                                                                       [5;1H~                                                                                                                       [6;1H~                                                                                                                       [7;1H~                                                                                                                       [8;1H~                                                                                                                       [9;1H~                                                                                                                       [10;1H~                                                                                                                       [11;1H~                                                                                                                       [12;1H~                                                                                                                       [13;1H~                                                                                                                       [14;1H~                                                                                                                       [15;1H~                                                                                                                       [16;1H~                                                                                                                       [17;1H~                                                                                                                       [18;1H~                                                                                                                       [19;1H~                                                                                                                       [20;1H~                                                                                                                       [21;1H~                                                                                                                       [22;1H~                                                                                                                       [23;1H~                                                                                                                       [24;1H~                                                                                                                       [25;1H~                                                                                                                       [26;1H~                                                                                                                       [27;1H~                                                                                                                       [28;1H~                                                                                                                       [29;1H~                                                                                                                       [m[30;103H0,0-1[9CAll[1;1H[?25h[?25l[30;93H^[[1;1H[30;93H  [1;1H[30;93H^[[1;1H[30;93H  [1;1H[?25h[?25l[30;93H:[1;1H[30;1H[K[30;1H:[?2004h[?25hwq[?25l[?2004l"index.html" 0L, 0C written[23;2t[23;1t
[?2004l[?1l>[?25h[>4;m[?1049l[23;0;0t]0;pranjali@TIGER02498: ~/mylibgit[01;32mpranjali@TIGER02498[00m:[01;34m~/mylibgit[00m$  git commit -a -m 'Finish the new footer [issue 53]'
On branch iss53
Untracked files:
  (use "git add <file>..." to include in what will be committed)
	[31mindex.html[m

nothing added to commit but untracked files present (use "git add" to track)
]0;pranjali@TIGER02498: ~/mylibgit[01;32mpranjali@TIGER02498[00m:[01;34m~/mylibgit[00m$ git branch -d hotfix[4Pmerge[C[C[C[C[C[C[Ccheckout main
Switched to branch 'main'
Your branch is ahead of 'origin/main' by 3 commits.
  (use "git push" to publish your local commits)
]0;pranjali@TIGER02498: ~/mylibgit[01;32mpranjali@TIGER02498[00m:[01;34m~/mylibgit[00m$ git checkout mainbranch -d hotfix[4Pmerge[C[C[C[C[C[C[C[K[K[K[K[K[Kiss53
Updating 486ee93b4..5801e5960
Fast-forward
 CONTRIBUTING.md | 1 [31m-[m
 1 file changed, 1 deletion(-)
 delete mode 100644 CONTRIBUTING.md
]0;pranjali@TIGER02498: ~/mylibgit[01;32mpranjali@TIGER02498[00m:[01;34m~/mylibgit[00m$ git branch -d iss53
Deleted branch iss53 (was 5801e5960).
]0;pranjali@TIGER02498: ~/mylibgit[01;32mpranjali@TIGER02498[00m:[01;34m~/mylibgit[00m$ git status
On branch main
Your branch is ahead of 'origin/main' by 4 commits.
  (use "git push" to publish your local commits)

Untracked files:
  (use "git add <file>..." to include in what will be committed)
	[31mindex.html[m

nothing added to commit but untracked files present (use "git add" to track)
]0;pranjali@TIGER02498: ~/mylibgit[01;32mpranjali@TIGER02498[00m:[01;34m~/mylibgit[00m$ git bracnh[K[K[Kncg[Kh
[?1h=* [32mmain[m[m
[K[?1l>]0;pranjali@TIGER02498: ~/mylibgit[01;32mpranjali@TIGER02498[00m:[01;34m~/mylibgit[00m$ git branch -v
[?1h=* [32mmain[m 5801e5960 [ahead 4] create new footer[issue 53][m
[K[?1l>]0;pranjali@TIGER02498: ~/mylibgit[01;32mpranjali@TIGER02498[00m:[01;34m~/mylibgit[00m$ git branch -v[Kmerged
error: did you mean `--merged` (with two dashes)?
]0;pranjali@TIGER02498: ~/mylibgit[01;32mpranjali@TIGER02498[00m:[01;34m~/mylibgit[00m$ git branch -merged-merged
[?1h=* [32mmain[m[m
[K[?1l>]0;pranjali@TIGER02498: ~/mylibgit[01;32mpranjali@TIGER02498[00m:[01;34m~/mylibgit[00m$ git branch --mergedn-mergedo-merged-no-merged
[?1h=[K[?1l>]0;pranjali@TIGER02498: ~/mylibgit[01;32mpranjali@TIGER02498[00m:[01;34m~/mylibgit[00m$ git branch --no-merged[K[K[K[K[K[K[K[K[K[Kd testing
error: branch 'testing' not found.
]0;pranjali@TIGER02498: ~/mylibgit[01;32mpranjali@TIGER02498[00m:[01;34m~/mylibgit[00m$ git branch --move iss53 iss
error: refname refs/heads/iss53 not found
fatal: Branch rename failed
]0;pranjali@TIGER02498: ~/mylibgit[01;32mpranjali@TIGER02498[00m:[01;34m~/mylibgit[00m$ git branch --move iss53 iss[6Pd testing-no-merged[3Pmerged[K[K[K[K[K[K[K[K
[?1h=* [32mmain[m[m
[K[?1l>]0;pranjali@TIGER02498: ~/mylibgit[01;32mpranjali@TIGER02498[00m:[01;34m~/mylibgit[00m$ git branch iss
]0;pranjali@TIGER02498: ~/mylibgit[01;32mpranjali@TIGER02498[00m:[01;34m~/mylibgit[00m$ git branch iss[K[K[K--move iss iss53
]0;pranjali@TIGER02498: ~/mylibgit[01;32mpranjali@TIGER02498[00m:[01;34m~/mylibgit[00m$ git push --set-upstream origin corrected-branch-name
error: src refspec corrected-branch-name does not match any
[31merror: failed to push some refs to 'https://github.com/libgit2/libgit2'
[m]0;pranjali@TIGER02498: ~/mylibgit[01;32mpranjali@TIGER02498[00m:[01;34m~/mylibgit[00m$ git push --set-upstream origin corrected-branch-name[K[K[K[K[K[K[K[K[K[K[K[K[K[K[K[K[K[K[K[K[Kiss53
Username for 'https://github.com': ^C
]0;pranjali@TIGER02498: ~/mylibgit[01;32mpranjali@TIGER02498[00m:[01;34m~/mylibgit[00m$ git push --set-upstream origin iss53[K[K[K[K[K[K[K[K[K[K[K[K[K[K[K[K[K[K[K[K[K[K[K[K[K[K[K[K[K[K[K[K[K[K[K[Kgit push origin --delete bad-branch-name[K[K[K[K[K[K[K[K[K[K[K[K[K[K[K[K[K[K[K[K[K[K[K[K[K[K[K[K[K[K[K[K[K[K[K[K[K[K[K[Kgit branch
[?1h=  iss53[m[m
* [32mmain[m[m
[K[?1l>]0;pranjali@TIGER02498: ~/mylibgit[01;32mpranjali@TIGER02498[00m:[01;34m~/mylibgit[00m$ git[K[K[Kgit push origin --delete bad-branch-name[K[K[K[K[K[K[K[K[K[K[K[K[K[K[K[K[K[K[K[K[K[K[K[K[K[K[K[K[K[K[K[K[K[K[K[K[K[K[K[Kgit branchpush --set-upstream origin iss53branch[K[Kgit branchpush --set-upstream origin iss53corrected-branch-name[C[C[C[C[C[C[C[C[C[C[C[C[C[C[C[C[C[C[C[C[C[C[C[C[C[C[C[C[C[C[C[C[C[C[C[C[25Pbranch --move iss iss53iss[K[K--move iss53 iss[6Pd testing-no-merged[3Pmerged[1Pmerged-mergedno-merged[1Pd testing-move iss53 iss[Kiss--move iss iss53push --set-upstream origin corrected-branch-name[K[K[K[K[K[K[K[K[K[K[K[K[K[K[K[K[K[K[K[K[K[K[K[K[K[K[K[K[K[K[K[K[K[K[K[K[K[K[K[K[K[K[K[K[K[K[K[K[K[K[K[Kgit push --set-upstream origin corrected-branch-name[K[K[K[K[K[K[K[K[K[K[K[K[K[K[K[K[K[K[K[K[Kiss53
Username for 'https://github.com': pranjali985
Password for 'https://pranjali985@github.com': 
remote: Support for password authentication was removed on August 13, 2021. Please use a personal access token instead.
remote: Please see https://github.blog/2020-12-15-token-authentication-requirements-for-git-operations/ for more information.
fatal: Authentication failed for 'https://github.com/libgit2/libgit2/'
]0;pranjali@TIGER02498: ~/mylibgit[01;32mpranjali@TIGER02498[00m:[01;34m~/mylibgit[00m$ git push --set-upstream origin iss53
Username for 'https://github.com': pranjali985
Password for 'https://pranjali985@github.com': 
remote: Support for password authentication was removed on August 13, 2021. Please use a personal access token instead.
remote: Please see https://github.blog/2020-12-15-token-authentication-requirements-for-git-operations/ for more information.
fatal: Authentication failed for 'https://github.com/libgit2/libgit2/'
]0;pranjali@TIGER02498: ~/mylibgit[01;32mpranjali@TIGER02498[00m:[01;34m~/mylibgit[00m$ got[K[Kit push https://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@github.com/pranjali885[K[K[K985/mylibgi t.git
remote: Repository not found.
fatal: repository 'https://github.com/pranjali985/mylibgit.git/' not found
]0;pranjali@TIGER02498: ~/mylibgit[01;32mpranjali@TIGER02498[00m:[01;34m~/mylibgit[00m$ git push https://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@github.com/pranjali985/mylibgit.git[1P.git[A[C[C[C[C[C[C[C[C[C[C[C[C[C[C[C[C[C[C[C[C[C[C[C[C[C[C[C[C[C[C[C[C[C[C[C[C[C[C[C[C[C[C[C[C[C[C[C[C[C[C[C[C[C[C[C[C[C[C[C[C[C[C[C[C[C[C[C[C[C[C[C[C[C[C[C[C[C[C[C[C[C[C[C[C[C[C[C[C[C[C[C[C[C[C[C[C[C[C[C[C[C[C[C[C[C[C[C[C[C[C[C[C[C[C[C[C[C[C[C.g[1Pit[A]0;pranjali@TIGER02498: ~/mylibgit[01;32mpranjali@TIGER02498[00m:[01;34m~/mylibgit[00m$ [C[C[C[C[C[C[C[C[C[C[C[C[C[C[C[C[C[C[C[C[C[C[C[C[C[C[C[C[C[C[C[C[C[C[C[C[C[C[C[C[C[C[C[C[C[C[C[C[C[C[C[C[C[C[C[C[C[C[C[C[C[C[C[C[C[C[C[C[C[C[C[C[C[C[C[C[C[C[C[C[C[C[C[C[C[C[C.gi[1Pt[A]0;pranjali@TIGER02498: ~/mylibgit[01;32mpranjali@TIGER02498[00m:[01;34m~/mylibgit[00m$ [C[C[C[C[C[C[C[C[C[C[C[C[C[C[C[C[C[C[C[C[C[C[C[C[C[C[C[C[C[C[C[C[C[C[C[C[C[C[C[C[C[C[C[C[C[C[C[C[C[C[C[C[C[C[C[C[C[C[C[C[C[C[C[C[C[C[C[C[C[C[C[C[C[C[C[C[C[C[C[C[C[C[C[C[C[C.git[K[A]0;pranjali@TIGER02498: ~/mylibgit[01;32mpranjali@TIGER02498[00m:[01;34m~/mylibgit[00m$ [C[C[C[C[C[C[C[C[C[C[C[C[C[C[C[C[C[C[C[C[C[C[C[C[C[C[C[C[C[C[C[C[C[C[C[C[C[C[C[C[C[C[C[C[C[C[C[C[C[C[C[C[C[C[C[C[C[C[C[C[C[C[C[C[C[C[C[C[C[C[C[C[C[C[C[C[C[C[C[C[C[C[C[C[C.git [K[A[C[C[C[C[C[C[C[C[C[C[C[C[C[C[C[C[C[C[C[C[C[C[C[C[C[C[C[C[C[C[C[C[C[C[C[C[C[C[C[C[C[C[C[C[C[C[C[C[C[C[C[C[C[C[C[C[C[C[C[C[C[C[C[C[C[C[C[C[C[C[C[C[C[C[C[C[C[C[C[C[C[C[C[C[C[C[C[C[C[C[C[C[C[C[C[C[C[C[C[C[C[C[C[C[C[C[C[C[C[C[C[C[C[C[C[C[1P.git
[K[A[C[C[C[C[C[C[C[C[C[C[C[C[C[C[C[C[C[C[C[C[C[C[C[C[C[C[C[C[C[C[C[C[C[C[C[C[C[C[C[C[C[C[C[C[C[C[C[C[C[C[C[C[C[C[C[C[C[C[C[C[C[C[C[C[C[C[C[C[C[C[C[C[C[C[C[C[C[C[C[C[C[C[C[C[C[C[C[C[C[C[C[C[C[C[C[C[C[C[C[C[C[C[C[C[C[C[C[C[C[C[C[C[C[C[C[1P.git[1P.gitm.gity.gitl.git [A]0;pranjali@TIGER02498: ~/mylibgit[01;32mpranjali@TIGER02498[00m:[01;34m~/mylibgit[00m$ [C[C[C[C[C[C[C[C[C[C[C[C[C[C[C[C[C[C[C[C[C[C[C[C[C[C[C[C[C[C[C[C[C[C[C[C[C[C[C[C[C[C[C[C[C[C[C[C[C[C[C[C[C[C[C[C[C[C[C[C[C[C[C[C[C[C[C[C[C[C[C[C[C[C[C[C[C[C[C[C[C[C[C[Ci.git[A]0;pranjali@TIGER02498: ~/mylibgit[01;32mpranjali@TIGER02498[00m:[01;34m~/mylibgit[00m$ [C[C[C[C[C[C[C[C[C[C[C[C[C[C[C[C[C[C[C[C[C[C[C[C[C[C[C[C[C[C[C[C[C[C[C[C[C[C[C[C[C[C[C[C[C[C[C[C[C[C[C[C[C[C[C[C[C[C[C[C[C[C[C[C[C[C[C[C[C[C[C[C[C[C[C[C[C[C[C[C[C[C[C[C[Cb.git[A]0;pranjali@TIGER02498: ~/mylibgit[01;32mpranjali@TIGER02498[00m:[01;34m~/mylibgit[00m$ [C[C[C[C[C[C[C[C[C[C[C[C[C[C[C[C[C[C[C[C[C[C[C[C[C[C[C[C[C[C[C[C[C[C[C[C[C[C[C[C[C[C[C[C[C[C[C[C[C[C[C[C[C[C[C[C[C[C[C[C[C[C[C[C[C[C[C[C[C[C[C[C[C[C[C[C[C[C[C[C[C[C[C[C[C[Cg.git[A]0;pranjali@TIGER02498: ~/mylibgit[01;32mpranjali@TIGER02498[00m:[01;34m~/mylibgit[00m$ [C[C[C[C[C[C[C[C[C[C[C[C[C[C[C[C[C[C[C[C[C[C[C[C[C[C[C[C[C[C[C[C[C[C[C[C[C[C[C[C[C[C[C[C[C[C[C[C[C[C[C[C[C[C[C[C[C[C[C[C[C[C[C[C[C[C[C[C[C[C[C[C[C[C[C[C[C[C[C[C[C[C[C[C[C[C[Ci.gitt.git[C
Enumerating objects: 42575Enumerating objects: 74847Enumerating objects: 95792, done.
Counting objects:   0% (1/95792)Counting objects:   1% (958/95792)Counting objects:   2% (1916/95792)Counting objects:   3% (2874/95792)Counting objects:   4% (3832/95792)Counting objects:   5% (4790/95792)Counting objects:   6% (5748/95792)Counting objects:   7% (6706/95792)Counting objects:   8% (7664/95792)Counting objects:   9% (8622/95792)Counting objects:  10% (9580/95792)Counting objects:  11% (10538/95792)Counting objects:  12% (11496/95792)Counting objects:  13% (12453/95792)Counting objects:  14% (13411/95792)Counting objects:  15% (14369/95792)Counting objects:  16% (15327/95792)Counting objects:  17% (16285/95792)Counting objects:  18% (17243/95792)Counting objects:  19% (18201/95792)Counting objects:  20% (19159/95792)Counting objects:  21% (20117/95792)Counting objects:  22% (21075/95792)Counting objects:  23% (22033/95792)Counting objects:  24% (22991/95792)Counting objects:  25% (23948/95792)Counting objects:  26% (24906/95792)Counting objects:  27% (25864/95792)Counting objects:  28% (26822/95792)Counting objects:  29% (27780/95792)Counting objects:  30% (28738/95792)Counting objects:  31% (29696/95792)Counting objects:  32% (30654/95792)Counting objects:  33% (31612/95792)Counting objects:  34% (32570/95792)Counting objects:  35% (33528/95792)Counting objects:  36% (34486/95792)Counting objects:  37% (35444/95792)Counting objects:  38% (36401/95792)Counting objects:  39% (37359/95792)Counting objects:  40% (38317/95792)Counting objects:  41% (39275/95792)Counting objects:  42% (40233/95792)Counting objects:  43% (41191/95792)Counting objects:  44% (42149/95792)Counting objects:  45% (43107/95792)Counting objects:  46% (44065/95792)Counting objects:  47% (45023/95792)Counting objects:  48% (45981/95792)Counting objects:  49% (46939/95792)Counting objects:  50% (47896/95792)Counting objects:  51% (48854/95792)Counting objects:  52% (49812/95792)Counting objects:  53% (50770/95792)Counting objects:  54% (51728/95792)Counting objects:  55% (52686/95792)Counting objects:  56% (53644/95792)Counting objects:  57% (54602/95792)Counting objects:  58% (55560/95792)Counting objects:  59% (56518/95792)Counting objects:  60% (57476/95792)Counting objects:  61% (58434/95792)Counting objects:  62% (59392/95792)Counting objects:  63% (60349/95792)Counting objects:  64% (61307/95792)Counting objects:  65% (62265/95792)Counting objects:  66% (63223/95792)Counting objects:  67% (64181/95792)Counting objects:  68% (65139/95792)Counting objects:  69% (66097/95792)Counting objects:  70% (67055/95792)Counting objects:  71% (68013/95792)Counting objects:  72% (68971/95792)Counting objects:  73% (69929/95792)Counting objects:  74% (70887/95792)Counting objects:  75% (71844/95792)Counting objects:  76% (72802/95792)Counting objects:  77% (73760/95792)Counting objects:  78% (74718/95792)Counting objects:  79% (75676/95792)Counting objects:  80% (76634/95792)Counting objects:  81% (77592/95792)Counting objects:  82% (78550/95792)Counting objects:  83% (79508/95792)Counting objects:  84% (80466/95792)Counting objects:  85% (81424/95792)Counting objects:  86% (82382/95792)Counting objects:  87% (83340/95792)Counting objects:  88% (84297/95792)Counting objects:  89% (85255/95792)Counting objects:  90% (86213/95792)Counting objects:  91% (87171/95792)Counting objects:  92% (88129/95792)Counting objects:  93% (89087/95792)Counting objects:  94% (90045/95792)Counting objects:  95% (91003/95792)Counting objects:  96% (91961/95792)Counting objects:  97% (92919/95792)Counting objects:  98% (93877/95792)Counting objects:  99% (94835/95792)Counting objects: 100% (95792/95792)Counting objects: 100% (95792/95792), done.
Delta compression using up to 8 threads
Compressing objects:   0% (1/27844)Compressing objects:   1% (279/27844)Compressing objects:   2% (557/27844)Compressing objects:   3% (836/27844)Compressing objects:   4% (1114/27844)Compressing objects:   5% (1393/27844)Compressing objects:   6% (1671/27844)Compressing objects:   7% (1950/27844)Compressing objects:   8% (2228/27844)Compressing objects:   9% (2506/27844)Compressing objects:  10% (2785/27844)Compressing objects:  11% (3063/27844)Compressing objects:  12% (3342/27844)Compressing objects:  13% (3620/27844)Compressing objects:  14% (3899/27844)Compressing objects:  15% (4177/27844)Compressing objects:  16% (4456/27844)Compressing objects:  17% (4734/27844)Compressing objects:  18% (5012/27844)Compressing objects:  19% (5291/27844)Compressing objects:  20% (5569/27844)Compressing objects:  21% (5848/27844)Compressing objects:  22% (6126/27844)Compressing objects:  23% (6405/27844)Compressing objects:  24% (6683/27844)Compressing objects:  25% (6961/27844)Compressing objects:  26% (7240/27844)Compressing objects:  27% (7518/27844)Compressing objects:  28% (7797/27844)Compressing objects:  29% (8075/27844)Compressing objects:  30% (8354/27844)Compressing objects:  31% (8632/27844)Compressing objects:  32% (8911/27844)Compressing objects:  33% (9189/27844)Compressing objects:  34% (9467/27844)Compressing objects:  35% (9746/27844)Compressing objects:  36% (10024/27844)Compressing objects:  37% (10303/27844)Compressing objects:  38% (10581/27844)Compressing objects:  39% (10860/27844)Compressing objects:  40% (11138/27844)Compressing objects:  41% (11417/27844)Compressing objects:  42% (11695/27844)Compressing objects:  43% (11973/27844)Compressing objects:  44% (12252/27844)Compressing objects:  45% (12530/27844)Compressing objects:  46% (12809/27844)Compressing objects:  47% (13087/27844)Compressing objects:  48% (13366/27844)Compressing objects:  49% (13644/27844)Compressing objects:  50% (13922/27844)Compressing objects:  51% (14201/27844)Compressing objects:  52% (14479/27844)Compressing objects:  53% (14758/27844)Compressing objects:  54% (15036/27844)Compressing objects:  55% (15315/27844)Compressing objects:  56% (15593/27844)Compressing objects:  57% (15872/27844)Compressing objects:  58% (16150/27844)Compressing objects:  59% (16428/27844)Compressing objects:  60% (16707/27844)Compressing objects:  61% (16985/27844)Compressing objects:  62% (17264/27844)Compressing objects:  63% (17542/27844)Compressing objects:  64% (17821/27844)Compressing objects:  65% (18099/27844)Compressing objects:  66% (18378/27844)Compressing objects:  67% (18656/27844)Compressing objects:  68% (18934/27844)Compressing objects:  69% (19213/27844)Compressing objects:  70% (19491/27844)Compressing objects:  71% (19770/27844)Compressing objects:  72% (20048/27844)Compressing objects:  73% (20327/27844)Compressing objects:  74% (20605/27844)Compressing objects:  75% (20883/27844)Compressing objects:  76% (21162/27844)Compressing objects:  77% (21440/27844)Compressing objects:  78% (21719/27844)Compressing objects:  79% (21997/27844)Compressing objects:  80% (22276/27844)Compressing objects:  81% (22554/27844)Compressing objects:  82% (22833/27844)Compressing objects:  83% (23111/27844)Compressing objects:  84% (23389/27844)Compressing objects:  85% (23668/27844)Compressing objects:  86% (23946/27844)Compressing objects:  87% (24225/27844)Compressing objects:  88% (24503/27844)Compressing objects:  89% (24782/27844)Compressing objects:  90% (25060/27844)Compressing objects:  91% (25339/27844)Compressing objects:  92% (25617/27844)Compressing objects:  93% (25895/27844)Compressing objects:  94% (26174/27844)Compressing objects:  95% (26452/27844)Compressing objects:  96% (26731/27844)Compressing objects:  97% (27009/27844)Compressing objects:  98% (27288/27844)Compressing objects:  99% (27566/27844)Compressing objects: 100% (27844/27844)Compressing objects: 100% (27844/27844), done.
Writing objects:   0% (1/95792)Writing objects:   1% (958/95792)Writing objects:   2% (1916/95792)Writing objects:   3% (2874/95792), 1.08 MiB | 1.83 MiB/sWriting objects:   3% (3569/95792), 1.38 MiB | 1.26 MiB/sWriting objects:   4% (3832/95792), 1.38 MiB | 1.26 MiB/sWriting objects:   5% (4790/95792), 1.38 MiB | 1.26 MiB/sWriting objects:   6% (5748/95792), 2.01 MiB | 1.22 MiB/sWriting objects:   7% (6706/95792), 2.01 MiB | 1.22 MiB/sWriting objects:   7% (7300/95792), 2.01 MiB | 1.22 MiB/sWriting objects:   8% (7664/95792), 2.01 MiB | 1.22 MiB/sWriting objects:   9% (8622/95792), 2.57 MiB | 1.15 MiB/sWriting objects:  10% (9580/95792), 2.57 MiB | 1.15 MiB/sWriting objects:  11% (10538/95792), 2.57 MiB | 1.15 MiB/sWriting objects:  12% (11496/95792), 3.26 MiB | 1.18 MiB/sWriting objects:  13% (12453/95792), 3.26 MiB | 1.18 MiB/sWriting objects:  13% (12824/95792), 3.26 MiB | 1.18 MiB/sWriting objects:  14% (13411/95792), 3.26 MiB | 1.18 MiB/sWriting objects:  15% (14369/95792), 3.26 MiB | 1.18 MiB/sWriting objects:  16% (15327/95792), 4.07 MiB | 1.24 MiB/sWriting objects:  17% (16285/95792), 4.07 MiB | 1.24 MiB/sWriting objects:  18% (17243/95792), 4.07 MiB | 1.24 MiB/sWriting objects:  19% (18201/95792), 4.07 MiB | 1.24 MiB/sWriting objects:  20% (19159/95792), 5.01 MiB | 1.32 MiB/sWriting objects:  21% (20117/95792), 5.01 MiB | 1.32 MiB/sWriting objects:  21% (20409/95792), 5.01 MiB | 1.32 MiB/sWriting objects:  22% (21075/95792), 5.01 MiB | 1.32 MiB/sWriting objects:  23% (22033/95792), 5.01 MiB | 1.32 MiB/sWriting objects:  24% (22991/95792), 5.01 MiB | 1.32 MiB/sWriting objects:  25% (23948/95792), 6.07 MiB | 1.41 MiB/sWriting objects:  26% (24906/95792), 6.07 MiB | 1.41 MiB/sWriting objects:  27% (25864/95792), 7.32 MiB | 1.52 MiB/sWriting objects:  27% (26226/95792), 7.32 MiB | 1.52 MiB/sWriting objects:  28% (26822/95792), 7.32 MiB | 1.52 MiB/sWriting objects:  29% (27780/95792), 7.32 MiB | 1.52 MiB/sWriting objects:  30% (28738/95792), 8.70 MiB | 1.60 MiB/sWriting objects:  31% (29696/95792), 10.20 MiB | 1.85 MiB/sWriting objects:  31% (30029/95792), 10.20 MiB | 1.85 MiB/sWriting objects:  32% (30654/95792), 10.20 MiB | 1.85 MiB/sWriting objects:  33% (31612/95792), 10.20 MiB | 1.85 MiB/sWriting objects:  34% (32570/95792), 11.82 MiB | 2.08 MiB/sWriting objects:  35% (33528/95792), 11.82 MiB | 2.08 MiB/sWriting objects:  36% (34486/95792), 11.82 MiB | 2.08 MiB/sWriting objects:  37% (35444/95792), 13.57 MiB | 2.37 MiB/sWriting objects:  37% (35940/95792), 13.57 MiB | 2.37 MiB/sWriting objects:  38% (36401/95792), 13.57 MiB | 2.37 MiB/sWriting objects:  39% (37359/95792), 13.57 MiB | 2.37 MiB/sWriting objects:  40% (38317/95792), 13.57 MiB | 2.37 MiB/sWriting objects:  41% (39275/95792), 13.57 MiB | 2.37 MiB/sWriting objects:  42% (40233/95792), 15.51 MiB | 2.65 MiB/sWriting objects:  43% (41191/95792), 15.51 MiB | 2.65 MiB/sWriting objects:  44% (42149/95792), 17.07 MiB | 2.82 MiB/sWriting objects:  44% (42335/95792), 17.07 MiB | 2.82 MiB/sWriting objects:  45% (43107/95792), 17.07 MiB | 2.82 MiB/sWriting objects:  46% (44065/95792), 17.07 MiB | 2.82 MiB/sWriting objects:  47% (45023/95792), 17.07 MiB | 2.82 MiB/sWriting objects:  48% (45981/95792), 18.63 MiB | 2.96 MiB/sWriting objects:  49% (46939/95792), 18.63 MiB | 2.96 MiB/sWriting objects:  50% (47896/95792), 18.63 MiB | 2.96 MiB/sWriting objects:  51% (48854/95792), 18.63 MiB | 2.96 MiB/sWriting objects:  52% (49812/95792), 18.63 MiB | 2.96 MiB/sWriting objects:  53% (50770/95792), 18.63 MiB | 2.96 MiB/sWriting objects:  54% (51728/95792), 18.63 MiB | 2.96 MiB/sWriting objects:  55% (52686/95792), 20.26 MiB | 3.08 MiB/sWriting objects:  56% (53644/95792), 20.26 MiB | 3.08 MiB/sWriting objects:  56% (53953/95792), 20.26 MiB | 3.08 MiB/sWriting objects:  57% (54602/95792), 20.26 MiB | 3.08 MiB/sWriting objects:  58% (55560/95792), 20.26 MiB | 3.08 MiB/sWriting objects:  59% (56518/95792), 20.26 MiB | 3.08 MiB/sWriting objects:  60% (57476/95792), 20.26 MiB | 3.08 MiB/sWriting objects:  61% (58434/95792), 21.89 MiB | 3.17 MiB/sWriting objects:  62% (59392/95792), 21.89 MiB | 3.17 MiB/sWriting objects:  63% (60349/95792), 21.89 MiB | 3.17 MiB/sWriting objects:  64% (61307/95792), 21.89 MiB | 3.17 MiB/sWriting objects:  65% (62265/95792), 21.89 MiB | 3.17 MiB/sWriting objects:  66% (63223/95792), 23.77 MiB | 3.29 MiB/sWriting objects:  66% (63861/95792), 23.77 MiB | 3.29 MiB/sWriting objects:  67% (64181/95792), 23.77 MiB | 3.29 MiB/sWriting objects:  68% (65139/95792), 23.77 MiB | 3.29 MiB/sWriting objects:  69% (66097/95792), 23.77 MiB | 3.29 MiB/sWriting objects:  70% (67055/95792), 23.77 MiB | 3.29 MiB/sWriting objects:  71% (68013/95792), 23.77 MiB | 3.29 MiB/sWriting objects:  72% (68971/95792), 25.45 MiB | 3.33 MiB/sWriting objects:  73% (69929/95792), 25.45 MiB | 3.33 MiB/sWriting objects:  74% (70887/95792), 25.45 MiB | 3.33 MiB/sWriting objects:  75% (71844/95792), 25.45 MiB | 3.33 MiB/sWriting objects:  76% (72802/95792), 25.45 MiB | 3.33 MiB/sWriting objects:  77% (73760/95792), 25.45 MiB | 3.33 MiB/sWriting objects:  78% (74718/95792), 27.08 MiB | 3.33 MiB/sWriting objects:  78% (74982/95792), 27.08 MiB | 3.33 MiB/sWriting objects:  79% (75676/95792), 27.08 MiB | 3.33 MiB/sWriting objects:  80% (76634/95792), 27.08 MiB | 3.33 MiB/sWriting objects:  81% (77592/95792), 27.08 MiB | 3.33 MiB/sWriting objects:  82% (78550/95792), 27.08 MiB | 3.33 MiB/sWriting objects:  83% (79508/95792), 27.08 MiB | 3.33 MiB/sWriting objects:  84% (80466/95792), 27.08 MiB | 3.33 MiB/sWriting objects:  85% (81424/95792), 27.08 MiB | 3.33 MiB/sWriting objects:  86% (82382/95792), 28.83 MiB | 3.32 MiB/sWriting objects:  87% (83340/95792), 28.83 MiB | 3.32 MiB/sWriting objects:  88% (84297/95792), 28.83 MiB | 3.32 MiB/sWriting objects:  89% (85255/95792), 28.83 MiB | 3.32 MiB/sWriting objects:  90% (86213/95792), 28.83 MiB | 3.32 MiB/sWriting objects:  91% (87171/95792), 28.83 MiB | 3.32 MiB/sWriting objects:  92% (88129/95792), 28.83 MiB | 3.32 MiB/sWriting objects:  93% (89087/95792), 28.83 MiB | 3.32 MiB/sWriting objects:  94% (90045/95792), 28.83 MiB | 3.32 MiB/sWriting objects:  95% (91003/95792), 28.83 MiB | 3.32 MiB/sWriting objects:  96% (91961/95792), 28.83 MiB | 3.32 MiB/sWriting objects:  97% (92919/95792), 30.70 MiB | 3.30 MiB/sWriting objects:  97% (93337/95792), 30.70 MiB | 3.30 MiB/sWriting objects:  98% (93877/95792), 30.70 MiB | 3.30 MiB/sWriting objects:  99% (94835/95792), 30.70 MiB | 3.30 MiB/sWriting objects: 100% (95792/95792), 30.70 MiB | 3.30 MiB/sWriting objects: 100% (95792/95792), 31.31 MiB | 2.58 MiB/s, done.
Total 95792 (delta 66174), reused 95479 (delta 66017)
remote: Resolving deltas:   0% (0/66174)[Kremote: Resolving deltas:   1% (662/66174)[Kremote: Resolving deltas:   2% (1324/66174)[Kremote: Resolving deltas:   3% (1986/66174)[Kremote: Resolving deltas:   4% (2647/66174)[Kremote: Resolving deltas:   5% (3309/66174)[Kremote: Resolving deltas:   6% (3971/66174)[Kremote: Resolving deltas:   7% (4633/66174)[Kremote: Resolving deltas:   8% (5294/66174)[Kremote: Resolving deltas:   9% (5956/66174)[Kremote: Resolving deltas:  10% (6618/66174)[Kremote: Resolving deltas:  11% (7280/66174)[Kremote: Resolving deltas:  12% (7941/66174)[Kremote: Resolving deltas:  13% (8603/66174)[Kremote: Resolving deltas:  14% (9265/66174)[Kremote: Resolving deltas:  15% (9927/66174)[Kremote: Resolving deltas:  16% (10588/66174)[Kremote: Resolving deltas:  17% (11250/66174)[Kremote: Resolving deltas:  18% (11912/66174)[Kremote: Resolving deltas:  19% (12574/66174)[Kremote: Resolving deltas:  20% (13235/66174)[Kremote: Resolving deltas:  21% (13897/66174)[Kremote: Resolving deltas:  22% (14559/66174)[Kremote: Resolving deltas:  23% (15221/66174)[Kremote: Resolving deltas:  24% (15882/66174)[Kremote: Resolving deltas:  25% (16544/66174)[Kremote: Resolving deltas:  26% (17206/66174)[Kremote: Resolving deltas:  27% (17867/66174)[Kremote: Resolving deltas:  28% (18529/66174)[Kremote: Resolving deltas:  29% (19191/66174)[Kremote: Resolving deltas:  30% (19853/66174)[Kremote: Resolving deltas:  31% (20514/66174)[Kremote: Resolving deltas:  32% (21176/66174)[Kremote: Resolving deltas:  33% (21838/66174)[Kremote: Resolving deltas:  34% (22500/66174)[Kremote: Resolving deltas:  35% (23161/66174)[Kremote: Resolving deltas:  36% (23823/66174)[Kremote: Resolving deltas:  37% (24485/66174)[Kremote: Resolving deltas:  38% (25147/66174)[Kremote: Resolving deltas:  39% (25808/66174)[Kremote: Resolving deltas:  40% (26470/66174)[Kremote: Resolving deltas:  41% (27132/66174)[Kremote: Resolving deltas:  42% (27794/66174)[Kremote: Resolving deltas:  43% (28455/66174)[Kremote: Resolving deltas:  44% (29117/66174)[Kremote: Resolving deltas:  45% (29779/66174)[Kremote: Resolving deltas:  46% (30441/66174)[Kremote: Resolving deltas:  47% (31102/66174)[Kremote: Resolving deltas:  48% (31764/66174)[Kremote: Resolving deltas:  49% (32426/66174)[Kremote: Resolving deltas:  50% (33087/66174)[Kremote: Resolving deltas:  51% (33749/66174)[Kremote: Resolving deltas:  52% (34411/66174)[Kremote: Resolving deltas:  53% (35073/66174)[Kremote: Resolving deltas:  54% (35734/66174)[Kremote: Resolving deltas:  55% (36396/66174)[Kremote: Resolving deltas:  56% (37058/66174)[Kremote: Resolving deltas:  57% (37720/66174)[Kremote: Resolving deltas:  58% (38381/66174)[Kremote: Resolving deltas:  58% (38768/66174)[Kremote: Resolving deltas:  59% (39043/66174)[Kremote: Resolving deltas:  60% (39705/66174)[Kremote: Resolving deltas:  61% (40367/66174)[Kremote: Resolving deltas:  62% (41028/66174)[Kremote: Resolving deltas:  63% (41690/66174)[Kremote: Resolving deltas:  64% (42352/66174)[Kremote: Resolving deltas:  65% (43014/66174)[Kremote: Resolving deltas:  66% (43675/66174)[Kremote: Resolving deltas:  67% (44337/66174)[Kremote: Resolving deltas:  68% (44999/66174)[Kremote: Resolving deltas:  69% (45661/66174)[Kremote: Resolving deltas:  70% (46322/66174)[Kremote: Resolving deltas:  71% (46984/66174)[Kremote: Resolving deltas:  72% (47646/66174)[Kremote: Resolving deltas:  73% (48308/66174)[Kremote: Resolving deltas:  74% (48969/66174)[Kremote: Resolving deltas:  75% (49631/66174)[Kremote: Resolving deltas:  76% (50293/66174)[Kremote: Resolving deltas:  77% (50954/66174)[Kremote: Resolving deltas:  77% (51390/66174)[Kremote: Resolving deltas:  78% (51616/66174)[Kremote: Resolving deltas:  79% (52278/66174)[Kremote: Resolving deltas:  80% (52940/66174)[Kremote: Resolving deltas:  81% (53601/66174)[Kremote: Resolving deltas:  82% (54263/66174)[Kremote: Resolving deltas:  83% (54925/66174)[Kremote: Resolving deltas:  84% (55587/66174)[Kremote: Resolving deltas:  85% (56248/66174)[Kremote: Resolving deltas:  86% (56910/66174)[Kremote: Resolving deltas:  87% (57572/66174)[Kremote: Resolving deltas:  88% (58234/66174)[Kremote: Resolving deltas:  89% (58895/66174)[Kremote: Resolving deltas:  90% (59557/66174)[Kremote: Resolving deltas:  91% (60219/66174)[Kremote: Resolving deltas:  92% (60881/66174)[Kremote: Resolving deltas:  93% (61542/66174)[Kremote: Resolving deltas:  94% (62204/66174)[Kremote: Resolving deltas:  95% (62866/66174)[Kremote: Resolving deltas:  96% (63528/66174)[Kremote: Resolving deltas:  97% (64189/66174)[Kremote: Resolving deltas:  98% (64851/66174)[Kremote: Resolving deltas:  99% (65513/66174)[Kremote: Resolving deltas: 100% (66174/66174)[Kremote: Resolving deltas: 100% (66174/66174), done.[K
To https://github.com/pranjali985/mylibgit.git
 * [new branch]          main -> main
]0;pranjali@TIGER02498: ~/mylibgit[01;32mpranjali@TIGER02498[00m:[01;34m~/mylibgit[00m$ git brqa[K[Kanch
[?1h=  iss53[m[m
* [32mmain[m[m
[K[?1l>]0;pranjali@TIGER02498: ~/mylibgit[01;32mpranjali@TIGER02498[00m:[01;34m~/mylibgit[00m$ git push origin [K[K[K[K[K[K[K[K[K[K[K[K[K[K[K[Kgit b[Kbranch --move master main
fatal: A branch named 'main' already exists.
]0;pranjali@TIGER02498: ~/mylibgit[01;32mpranjali@TIGER02498[00m:[01;34m~/mylibgit[00m$ git branch --move main master
]0;pranjali@TIGER02498: ~/mylibgit[01;32mpranjali@TIGER02498[00m:[01;34m~/mylibgit[00m$ git branch
[?1h=  iss53[m[m
* [32mmaster[m[m
[K[?1l>]0;pranjali@TIGER02498: ~/mylibgit[01;32mpranjali@TIGER02498[00m:[01;34m~/mylibgit[00m$ git push --set upstream origin master
fatal: 'upstream' does not appear to be a git repository
fatal: Could not read from remote repository.

Please make sure you have the correct access rights
and the repository exists.
]0;pranjali@TIGER02498: ~/mylibgit[01;32mpranjali@TIGER02498[00m:[01;34m~/mylibgit[00m$ git push --set upstream origin master[1P[1P[1P[1P[1P[1P[1P[1P[1P[1@-[1@u[1@p[1@s[1@t[1@r[1@e[1@a[1@m[C[1@ 
Username for 'https://github.com': pranjali985
Password for 'https://pranjali985@github.com': 
]0;pranjali@TIGER02498: ~/mylibgit[01;32mpranjali@TIGER02498[00m:[01;34m~/mylibgit[00m$ git branch -all
error: did you mean `--all` (with two dashes)?
]0;pranjali@TIGER02498: ~/mylibgit[01;32mpranjali@TIGER02498[00m:[01;34m~/mylibgit[00m$ git push --set [K[K[K[K[K[K https://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@github.com/pranjali985/mylibgit.git[A[C[C[C[C[C[C[C[C[C[C[C[C[C[C[C[C[C[C[C[C[C[C[C[C[C[C[C[C[C[C[C[C[C[C[C[C[C[C[C[C[C[C[C[C[C[C[C[C[C[C[C[C[C[C[C[C[C[C[C[C[C[C[C[C[C[C[C[C[C[C[C[C[C[C[C[C[C[C[C[C[C[C[C[C[C[C[C[C[C[C[C[C[C[C[C[C[C[C[C[C[C[C[C[C[C[C[C[C[C[C[C[C[C[C[C[C[C[C[Chttps://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@github.com/pranjali985/mylibgit[1P.git[A]0;pranjali@TIGER02498: ~/mylibgit[01;32mpranjali@TIGER02498[00m:[01;34m~/mylibgit[00m$ [C[C[C[C[C[C[C[C[C[C[C[C[C[C[C[C[C[C[C[C[C[C[C[C[C[C[C[C[C[C[C[C[C[C[C[C[C[C[C[C[C[C[C[C[C[C[C[C[C[C[C[C[C[C[C[C[C[C[C[C[C[C[C[C[C[C[C[C[C[C[C[C[C[C[C[C[C[C[C[C[C[C[C[C[C[C[C
[C[C[C[C[C --set-upstream origin master
fatal: refs/remotes/origin/HEAD cannot be resolved to branch
]0;pranjali@TIGER02498: ~/mylibgit[01;32mpranjali@TIGER02498[00m:[01;34m~/mylibgit[00m$ git branch
[?1h=  iss53[m[m
* [32mmaster[m[m
[K[?1l>]0;pranjali@TIGER02498: ~/mylibgit[01;32mpranjali@TIGER02498[00m:[01;34m~/mylibgit[00m$ git branch --move master main
]0;pranjali@TIGER02498: ~/mylibgit[01;32mpranjali@TIGER02498[00m:[01;34m~/mylibgit[00m$ git branch --move master main[Kpush https://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@github.com/pranjali985/mylibgit.git --set-upstream origin master[K[K[K[Kin
fatal: refs/remotes/origin/HEAD cannot be resolved to branch
]0;pranjali@TIGER02498: ~/mylibgit[01;32mpranjali@TIGER02498[00m:[01;34m~/mylibgit[00m$ git push https://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@github.com/pranjali985/mylibgit.git --set-upstream origin main[C[1P[1P[1P[1P[1P[A[C[C[C[C[C[C[C[C[C[C[C[C[C[C[C[C[C[C[C[C[C[C[C[C[C[C[C[C[C[C[C[C[C[C[C[C[C[C[C[C[C[C[C[C[C[C[C[C[C[C[C[C[C[C[C[C[C[C[C[C[C[C[C[C[C[C[C[C[C[C[C[C[C[C[C[C[C[C[C[C[C[C[C[C[C[C[C[C[C[C[C[C[C[C[C[C[C[C[C[C[C[C[C[C[C[C[C[C[C[C[C[C[C[C[C[C[C[C[C -[C[1P[A]0;pranjali@TIGER02498: ~/mylibgit[01;32mpranjali@TIGER02498[00m:[01;34m~/mylibgit[00m$ [C[C[C[C[C[C[C[C[C[C[C[C[C[C[C[C[C[C[C[C[C[C[C[C[C[C[C[C[C[C[C[C[C[C[C[C[C[C[C[C[C[C[C[C[C[C[C[C[C[C[C[C[C[C[C[C[C[C[C[C[C[C[C[C[C[C[C[C[C[C[C[C[C[C[C[C[C[C[C[C[C[C[C[C[C[C[C --[1P[A]0;pranjali@TIGER02498: ~/mylibgit[01;32mpranjali@TIGER02498[00m:[01;34m~/mylibgit[00m$ [C[C[C[C[C[C[C[C[C[C[C[C[C[C[C[C[C[C[C[C[C[C[C[C[C[C[C[C[C[C[C[C[C[C[C[C[C[C[C[C[C[C[C[C[C[C[C[C[C[C[C[C[C[C[C[C[C[C[C[C[C[C[C[C[C[C[C[C[C[C[C[C[C[C[C[C[C[C[C[C[C[C[C[C[C[C --s[1P[A]0;pranjali@TIGER02498: ~/mylibgit[01;32mpranjali@TIGER02498[00m:[01;34m~/mylibgit[00m$ [C[C[C[C[C[C[C[C[C[C[C[C[C[C[C[C[C[C[C[C[C[C[C[C[C[C[C[C[C[C[C[C[C[C[C[C[C[C[C[C[C[C[C[C[C[C[C[C[C[C[C[C[C[C[C[C[C[C[C[C[C[C[C[C[C[C[C[C[C[C[C[C[C[C[C[C[C[C[C[C[C[C[C[C[C --se[1P[A]0;pranjali@TIGER02498: ~/mylibgit[01;32mpranjali@TIGER02498[00m:[01;34m~/mylibgit[00m$ [C[C[C[C[C[C[C[C[C[C[C[C[C[C[C[C[C[C[C[C[C[C[C[C[C[C[C[C[C[C[C[C[C[C[C[C[C[C[C[C[C[C[C[C[C[C[C[C[C[C[C[C[C[C[C[C[C[C[C[C[C[C[C[C[C[C[C[C[C[C[C[C[C[C[C[C[C[C[C[C[C[C[C[C --set[1P[A]0;pranjali@TIGER02498: ~/mylibgit[01;32mpranjali@TIGER02498[00m:[01;34m~/mylibgit[00m$ [C[C[C[C[C[C[C[C[C[C[C[C[C[C[C[C[C[C[C[C[C[C[C[C[C[C[C[C[C[C[C[C[C[C[C[C[C[C[C[C[C[C[C[C[C[C[C[C[C[C[C[C[C[C[C[C[C[C[C[C[C[C[C[C[C[C[C[C[C[C[C[C[C[C[C[C[C[C[C[C[C[C[C --set-[1P[A]0;pranjali@TIGER02498: ~/mylibgit[01;32mpranjali@TIGER02498[00m:[01;34m~/mylibgit[00m$ [C[C[C[C[C[C[C[C[C[C[C[C[C[C[C[C[C[C[C[C[C[C[C[C[C[C[C[C[C[C[C[C[C[C[C[C[C[C[C[C[C[C[C[C[C[C[C[C[C[C[C[C[C[C[C[C[C[C[C[C[C[C[C[C[C[C[C[C[C[C[C[C[C[C[C[C[C[C[C[C[C[C --set-u[1P[A]0;pranjali@TIGER02498: ~/mylibgit[01;32mpranjali@TIGER02498[00m:[01;34m~/mylibgit[00m$ [C[C[C[C[C[C[C[C[C[C[C[C[C[C[C[C[C[C[C[C[C[C[C[C[C[C[C[C[C[C[C[C[C[C[C[C[C[C[C[C[C[C[C[C[C[C[C[C[C[C[C[C[C[C[C[C[C[C[C[C[C[C[C[C[C[C[C[C[C[C[C[C[C[C[C[C[C[C[C[C[C --set-up[1P[A]0;pranjali@TIGER02498: ~/mylibgit[01;32mpranjali@TIGER02498[00m:[01;34m~/mylibgit[00m$ [C[C[C[C[C[C[C[C[C[C[C[C[C[C[C[C[C[C[C[C[C[C[C[C[C[C[C[C[C[C[C[C[C[C[C[C[C[C[C[C[C[C[C[C[C[C[C[C[C[C[C[C[C[C[C[C[C[C[C[C[C[C[C[C[C[C[C[C[C[C[C[C[C[C[C[C[C[C[C[C --set-ups[1P[A]0;pranjali@TIGER02498: ~/mylibgit[01;32mpranjali@TIGER02498[00m:[01;34m~/mylibgit[00m$ [C[C[C[C[C[C[C[C[C[C[C[C[C[C[C[C[C[C[C[C[C[C[C[C[C[C[C[C[C[C[C[C[C[C[C[C[C[C[C[C[C[C[C[C[C[C[C[C[C[C[C[C[C[C[C[C[C[C[C[C[C[C[C[C[C[C[C[C[C[C[C[C[C[C[C[C[C[C[C --set-upst[1P[A]0;pranjali@TIGER02498: ~/mylibgit[01;32mpranjali@TIGER02498[00m:[01;34m~/mylibgit[00m$ [C[C[C[C[C[C[C[C[C[C[C[C[C[C[C[C[C[C[C[C[C[C[C[C[C[C[C[C[C[C[C[C[C[C[C[C[C[C[C[C[C[C[C[C[C[C[C[C[C[C[C[C[C[C[C[C[C[C[C[C[C[C[C[C[C[C[C[C[C[C[C[C[C[C[C[C[C[C --set-upstr[1P[A]0;pranjali@TIGER02498: ~/mylibgit[01;32mpranjali@TIGER02498[00m:[01;34m~/mylibgit[00m$ [C[C[C[C[C[C[C[C[C[C[C[C[C[C[C[C[C[C[C[C[C[C[C[C[C[C[C[C[C[C[C[C[C[C[C[C[C[C[C[C[C[C[C[C[C[C[C[C[C[C[C[C[C[C[C[C[C[C[C[C[C[C[C[C[C[C[C[C[C[C[C[C[C[C[C[C[C --set-upstre[1P[A]0;pranjali@TIGER02498: ~/mylibgit[01;32mpranjali@TIGER02498[00m:[01;34m~/mylibgit[00m$ [C[C[C[C[C[C[C[C[C[C[C[C[C[C[C[C[C[C[C[C[C[C[C[C[C[C[C[C[C[C[C[C[C[C[C[C[C[C[C[C[C[C[C[C[C[C[C[C[C[C[C[C[C[C[C[C[C[C[C[C[C[C[C[C[C[C[C[C[C[C[C[C[C[C[C[C --set-upstrea[1P[A]0;pranjali@TIGER02498: ~/mylibgit[01;32mpranjali@TIGER02498[00m:[01;34m~/mylibgit[00m$ [C[C[C[C[C[C[C[C[C[C[C[C[C[C[C[C[C[C[C[C[C[C[C[C[C[C[C[C[C[C[C[C[C[C[C[C[C[C[C[C[C[C[C[C[C[C[C[C[C[C[C[C[C[C[C[C[C[C[C[C[C[C[C[C[C[C[C[C[C[C[C[C[C[C[C --set-upstream[1P[A]0;pranjali@TIGER02498: ~/mylibgit[01;32mpranjali@TIGER02498[00m:[01;34m~/mylibgit[00m$ [C[C[C[C[C[C[C[C[C[C[C[C[C[C[C[C[C[C[C[C[C[C[C[C[C[C[C[C[C[C[C[C[C[C[C[C[C[C[C[C[C[C[C[C[C[C[C[C[C[C[C[C[C[C[C[C[C[C[C[C[C[C[C[C[C[C[C[C[C[C[C[C[C[C --set-upstream [1P[A]0;pranjali@TIGER02498: ~/mylibgit[01;32mpranjali@TIGER02498[00m:[01;34m~/mylibgit[00m$ [C[C[C[C[C[C[C[C[C[C[C[C[C[C[C[C[C[C[C[C[C[C[C[C[C[C[C[C[C[C[C[C[C[C[C[C[C[C[C[C[C[C[C[C[C[C[C[C[C[C[C[C[C[C[C[C[C[C[C[C[C[C[C[C[C[C[C[C[C[C[C[C[C --set-upstream o[1P[A]0;pranjali@TIGER02498: ~/mylibgit[01;32mpranjali@TIGER02498[00m:[01;34m~/mylibgit[00m$ [C[C[C[C[C[C[C[C[C[C[C[C[C[C[C[C[C[C[C[C[C[C[C[C[C[C[C[C[C[C[C[C[C[C[C[C[C[C[C[C[C[C[C[C[C[C[C[C[C[C[C[C[C[C[C[C[C[C[C[C[C[C[C[C[C[C[C[C[C[C[C[C --set-upstream or[1P[A]0;pranjali@TIGER02498: ~/mylibgit[01;32mpranjali@TIGER02498[00m:[01;34m~/mylibgit[00m$ [C[C[C[C[C[C[C[C[C[C[C[C[C[C[C[C[C[C[C[C[C[C[C[C[C[C[C[C[C[C[C[C[C[C[C[C[C[C[C[C[C[C[C[C[C[C[C[C[C[C[C[C[C[C[C[C[C[C[C[C[C[C[C[C[C[C[C[C[C[C[C --set-upstream ori[1P[A]0;pranjali@TIGER02498: ~/mylibgit[01;32mpranjali@TIGER02498[00m:[01;34m~/mylibgit[00m$ [C[C[C[C[C[C[C[C[C[C[C[C[C[C[C[C[C[C[C[C[C[C[C[C[C[C[C[C[C[C[C[C[C[C[C[C[C[C[C[C[C[C[C[C[C[C[C[C[C[C[C[C[C[C[C[C[C[C[C[C[C[C[C[C[C[C[C[C[C[C --set-upstream orig[1P[A]0;pranjali@TIGER02498: ~/mylibgit[01;32mpranjali@TIGER02498[00m:[01;34m~/mylibgit[00m$ [C[C[C[C[C[C[C[C[C[C[C[C[C[C[C[C[C[C[C[C[C[C[C[C[C[C[C[C[C[C[C[C[C[C[C[C[C[C[C[C[C[C[C[C[C[C[C[C[C[C[C[C[C[C[C[C[C[C[C[C[C[C[C[C[C[C[C[C[C --set-upstream origi[1P[A]0;pranjali@TIGER02498: ~/mylibgit[01;32mpranjali@TIGER02498[00m:[01;34m~/mylibgit[00m$ [C[C[C[C[C[C[C[C[C[C[C[C[C[C[C[C[C[C[C[C[C[C[C[C[C[C[C[C[C[C[C[C[C[C[C[C[C[C[C[C[C[C[C[C[C[C[C[C[C[C[C[C[C[C[C[C[C[C[C[C[C[C[C[C[C[C[C[C --set-upstream origin[1P main[A]0;pranjali@TIGER02498: ~/mylibgit[01;32mpranjali@TIGER02498[00m:[01;34m~/mylibgit[00m$ [C[C[C[C[C[C[C[C[C[C[C[C[C[C[C[C[C[C[C[C[C[C[C[C[C[C[C[C[C[C[C[C[C[C[C[C[C[C[C[C[C[C[C[C[C[C[C[C[C[C[C[C[C[C[C[C[C[C[C[C[C[C[C[C[C[C[C --set-upstream origin [1Pmain[A]0;pranjali@TIGER02498: ~/mylibgit[01;32mpranjali@TIGER02498[00m:[01;34m~/mylibgit[00m$ [C[C[C[C[C[C[C[C[C[C[C[C[C[C[C[C[C[C[C[C[C[C[C[C[C[C[C[C[C[C[C[C[C[C[C[C[C[C[C[C[C[C[C[C[C[C[C[C[C[C[C[C[C[C[C[C[C[C[C[C[C[C[C[C[C[C --set-upstream origin m[1Pain[A]0;pranjali@TIGER02498: ~/mylibgit[01;32mpranjali@TIGER02498[00m:[01;34m~/mylibgit[00m$ [C[C[C[C[C[C[C[C[C[C[C[C[C[C[C[C[C[C[C[C[C[C[C[C[C[C[C[C[C[C[C[C[C[C[C[C[C[C[C[C[C[C[C[C[C[C[C[C[C[C[C[C[C[C[C[C[C[C[C[C[C[C[C[C[C --set-upstream origin ma[1Pin[A]0;pranjali@TIGER02498: ~/mylibgit[01;32mpranjali@TIGER02498[00m:[01;34m~/mylibgit[00m$ [C[C[C[C[C[C[C[C[C[C[C[C[C[C[C[C[C[C[C[C[C[C[C[C[C[C[C[C[C[C[C[C[C[C[C[C[C[C[C[C[C[C[C[C[C[C[C[C[C[C[C[C[C[C[C[C[C[C[C[C[C[C[C[C --set-upstream origin mai[1Pn[A]0;pranjali@TIGER02498: ~/mylibgit[01;32mpranjali@TIGER02498[00m:[01;34m~/mylibgit[00m$ [C[C[C[C[C[C[C[C[C[C[C[C[C[C[C[C[C[C[C[C[C[C[C[C[C[C[C[C[C[C[C[C[C[C[C[C[C[C[C[C[C[C[C[C[C[C[C[C[C[C[C[C[C[C[C[C[C[C[C[C[C[C[C --set-upstream origin main[K[A]0;pranjali@TIGER02498: ~/mylibgit[01;32mpranjali@TIGER02498[00m:[01;34m~/mylibgit[00m$ [C[C[C[C[C[C[C[C[C[C[C[C[C[C[C[C[C[C[C[C[C[C[C[C[C[C[C[C[C[C[C[C[C[C[C[C[C[C[C[C[C[C[C[C[C[C[C[C[C[C[C[C[C[C[C[C[C[C[C[C[C[C --set-upstream origin main [K[A[C[C[C[C[C[C[C[C[C[C[C[C[C[C[C[C[C[C[C[C[C[C[C[C[C[C[C[C[C[C[C[C[C[C[C[C[C[C[C[C[C[C[C[C[C[C[C[C[C[C[C[C[C[C[C[C[C[C[C[C[C[C[C[C[C[C[C[C[C[C[C[C[C[C[C[C[C[C[C[C[C[C[C[C[C[C[C[C[C[C[C[C[C[1P
[K[A[C[C[C[C[C[C[C[C[C[C[C[C[C[C[C[C[C[C[C[C[C[C[C[C[C[C[C[C[C[C[C[C[C[C[C[C[C[C[C[C[C[C[C[C[C[C[C[C[C[C[C[C[C[C[C[C[C[C[C[C[C[C[C[C[C[C[C[C[C[C[C[C[C[C[C[C[C[C[C[C[C[C[C[C[C[C[C[C[C[C[C[C[1P[1P[1P[1P[1P[1P[1P[1P[1P[1P[1P[1P[1P[1P[1P[1P[1P[1P[1P[1P[1P[1P[1P[1P[1P[1P[1P[1P[1P[1P[1P[1P[1P[1P[1P[1P[1P[1P[1P[1P[1P[1P[1P[1P[1P[1P[1P[1P[1P[1P[1P[1P[C[1P[1@ 
Username for 'https://github.com': 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
Password for 'https://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@github.com': 
remote: Permission to libgit2/libgit2.git denied to pranjali985.
fatal: unable to access 'https://github.com/libgit2/libgit2/': The requested URL returned error: 403
]0;pranjali@TIGER02498: ~/mylibgit[01;32mpranjali@TIGER02498[00m:[01;34m~/mylibgit[00m$ origin
origin: command not found
]0;pranjali@TIGER02498: ~/mylibgit[01;32mpranjali@TIGER02498[00m:[01;34m~/mylibgit[00m$ git origin
git: 'origin' is not a git command. See 'git --help'.
]0;pranjali@TIGER02498: ~/mylibgit[01;32mpranjali@TIGER02498[00m:[01;34m~/mylibgit[00m$ git remote -v
origin	https://github.com/libgit2/libgit2 (fetch)
origin	https://github.com/libgit2/libgit2 (push)
]0;pranjali@TIGER02498: ~/mylibgit[01;32mpranjali@TIGER02498[00m:[01;34m~/mylibgit[00m$ git remote set url [K[K[K[K[K-url origin https://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@github.com/pranjali985/mylibgit.git
]0;pranjali@TIGER02498: ~/mylibgit[01;32mpranjali@TIGER02498[00m:[01;34m~/mylibgit[00m$ git push [K[K[K[K[Kbranch
[?1h=  iss53[m[m
* [32mmain[m[m
[K[?1l>]0;pranjali@TIGER02498: ~/mylibgit[01;32mpranjali@TIGER02498[00m:[01;34m~/mylibgit[00m$ git push origin [K[K[K[K[K[K[K--set-upstream origin main
Branch 'main' set up to track remote branch 'main' from 'origin'.
Everything up-to-date
]0;pranjali@TIGER02498: ~/mylibgit[01;32mpranjali@TIGER02498[00m:[01;34m~/mylibgit[00m$ git branch --move main master
]0;pranjali@TIGER02498: ~/mylibgit[01;32mpranjali@TIGER02498[00m:[01;34m~/mylibgit[00m$ git pusg[Kh ori[K[K[K--set-upstream origin master
Total 0 (delta 0), reused 0 (delta 0)
remote: 
remote: Create a pull request for 'master' on GitHub by visiting:[K
remote:      https://github.com/pranjali985/mylibgit/pull/new/master[K
remote: 
To https://github.com/pranjali985/mylibgit.git
 * [new branch]          master -> master
Branch 'master' set up to track remote branch 'master' from 'origin'.
]0;pranjali@TIGER02498: ~/mylibgit[01;32mpranjali@TIGER02498[00m:[01;34m~/mylibgit[00m$ git branch -all
error: did you mean `--all` (with two dashes)?
]0;pranjali@TIGER02498: ~/mylibgit[01;32mpranjali@TIGER02498[00m:[01;34m~/mylibgit[00m$ git branch -all[Kgit branch -all[C-all
[?1h=  iss53[m[m
* [32mmaster[m[m
  [31mremotes/origin/HEAD[m -> origin/main[m
  [31mremotes/origin/bindings/libgit2sharp/022_1[m[m
  [31mremotes/origin/brianmario/attr-from-tree[m[m
  [31mremotes/origin/brianmario/revwalk-filter[m[m
  [31mremotes/origin/brianmario/trailer-info[m[m
  [31mremotes/origin/brianmario/trailer-list[m[m
  [31mremotes/origin/ci[m[m
  [31mremotes/origin/cmn/atexit-skeleton[m[m
  [31mremotes/origin/cmn/cancellation[m[m
  [31mremotes/origin/cmn/commit-on[m[m
  [31mremotes/origin/cmn/ctest-jobs[m[m
  [31mremotes/origin/cmn/delta-base-eviction[m[m
  [31mremotes/origin/cmn/diff-binary-patch[m[m
  [31mremotes/origin/cmn/dynamic-libssh2[m[m
  [31mremotes/origin/cmn/example-pull[m[m
  [31mremotes/origin/cmn/forbid-mutiurl[m[m
  [31mremotes/origin/cmn/init-ssh[m[m
  [31mremotes/origin/cmn/io-stream-backends[m[m
  [31mremotes/origin/cmn/leaks[m[m
  [31mremotes/origin/cmn/parallel-clar[m[m
  [31mremotes/origin/cmn/pcre2[m[m
  [31mremotes/origin/cmn/read-only-size[m[m
  [31mremotes/origin/cmn/remote-options[m[m
  [31mremotes/origin/cmn/repo-v1[m[m
  [31mremotes/origin/cmn/reset-dont-free-url[m[m
  [31mremotes/origin/cmn/server[m[m
  [31mremotes/origin/cmn/sortedcache-close[m[m
:[K[K[?1l>]0;pranjali@TIGER02498: ~/mylibgit[01;32mpranjali@TIGER02498[00m:[01;34m~/mylibgit[00m$ git branch --move master main
]0;pranjali@TIGER02498: ~/mylibgit[01;32mpranjali@TIGER02498[00m:[01;34m~/mylibgit[00m$ git push --set-upstream origin main
Branch 'main' set up to track remote branch 'main' from 'origin'.
Everything up-to-date
]0;pranjali@TIGER02498: ~/mylibgit[01;32mpranjali@TIGER02498[00m:[01;34m~/mylibgit[00m$ git branch
[?1h=  iss53[m[m
* [32mmain[m[m
[K[?1l>]0;pranjali@TIGER02498: ~/mylibgit[01;32mpranjali@TIGER02498[00m:[01;34m~/mylibgit[00m$ vi demo-brwn[K[K[K[K[K[K[K[K[Knam[K[K[Kbranch-name-change-demo
[?1049h[22;0;0t[>4;2m[?1h=[?2004h[1;30r[?12h[?12l[22;2t[22;1t[27m[23m[29m[m[H[2J[?25l[30;1H"branch-name-change-demo" [New File][2;1H▽[6n[2;1H  [1;1H[>c]10;?]11;?[2;1H[94m~                                                                                                                       [3;1H~                                                                                                                       [4;1H~                                                                                                                       [5;1H~                                                                                                                       [6;1H~                                                                                                                       [7;1H~                                                                                                                       [8;1H~                                                                                                                       [9;1H~                                                                                                                       [10;1H~                                                                                                                       [11;1H~                                                                                                                       [12;1H~                                                                                                                       [13;1H~                                                                                                                       [14;1H~                                                                                                                       [15;1H~                                                                                                                       [16;1H~                                                                                                                       [17;1H~                                                                                                                       [18;1H~                                                                                                                       [19;1H~                                                                                                                       [20;1H~                                                                                                                       [21;1H~                                                                                                                       [22;1H~                                                                                                                       [23;1H~                                                                                                                       [24;1H~                                                                                                                       [25;1H~                                                                                                                       [26;1H~                                                                                                                       [27;1H~                                                                                                                       [28;1H~                                                                                                                       [29;1H~                                                                                                                       [m[30;103H0,0-1[9CAll[1;1H[?25h[?25l[30;93Hi[1;1H[30;93H [1;1H[30;1H[1m-- INSERT --[m[30;13H[K[30;103H0,1[11CAll[1;1H[?25h[?25lu[30;103H1,2[1;2H[?25h[30;1H[K[1;1H[?25l[30;93H^[[1;1H[30;93H  [1;2H[30;103H1,1[11CAll[1;1H[?25h[?25l[30;93H:[1;1H[30;93H[K[30;1H:[?2004h[?25hwq[?25l[?2004l"branch-name-change-demo" [New] 1L, 2C written[23;2t[23;1t
[?2004l[?1l>[?25h[>4;m[?1049l[23;0;0t]0;pranjali@TIGER02498: ~/mylibgit[01;32mpranjali@TIGER02498[00m:[01;34m~/mylibgit[00m$ git branch
[?1h=  iss53[m[m
* [32mmain[m[m
[K[?1l>]0;pranjali@TIGER02498: ~/mylibgit[01;32mpranjali@TIGER02498[00m:[01;34m~/mylibgit[00m$ git status
On branch main
Your branch is up to date with 'origin/main'.

Untracked files:
  (use "git add <file>..." to include in what will be committed)
	[31mbranch-name-change-demo[m
	[31mindex.html[m

nothing added to commit but untracked files present (use "git add" to track)
]0;pranjali@TIGER02498: ~/mylibgit[01;32mpranjali@TIGER02498[00m:[01;34m~/mylibgit[00m$ git add .
]0;pranjali@TIGER02498: ~/mylibgit[01;32mpranjali@TIGER02498[00m:[01;34m~/mylibgit[00m$ git status
On branch main
Your branch is up to date with 'origin/main'.

Changes to be committed:
  (use "git restore --staged <file>..." to unstage)
	[32mnew file:   branch-name-change-demo[m
	[32mnew file:   index.html[m

]0;pranjali@TIGER02498: ~/mylibgit[01;32mpranjali@TIGER02498[00m:[01;34m~/mylibgit[00m$ git commit -m "adding files to [K[K[K[K"
[main 578232849] adding files
 2 files changed, 1 insertion(+)
 create mode 100644 branch-name-change-demo
 create mode 100644 index.html
]0;pranjali@TIGER02498: ~/mylibgit[01;32mpranjali@TIGER02498[00m:[01;34m~/mylibgit[00m$ git bt[Krw[Kanch --move master[K[K[K[Kin master
]0;pranjali@TIGER02498: ~/mylibgit[01;32mpranjali@TIGER02498[00m:[01;34m~/mylibgit[00m$ git push --set-upstream origin master
Enumerating objects: 4, done.
Counting objects:  25% (1/4)Counting objects:  50% (2/4)Counting objects:  75% (3/4)Counting objects: 100% (4/4)Counting objects: 100% (4/4), done.
Delta compression using up to 8 threads
Compressing objects:  50% (1/2)Compressing objects: 100% (2/2)Compressing objects: 100% (2/2), done.
Writing objects:  33% (1/3)Writing objects:  66% (2/3)Writing objects: 100% (3/3)Writing objects: 100% (3/3), 337 bytes | 337.00 KiB/s, done.
Total 3 (delta 1), reused 0 (delta 0)
remote: Resolving deltas:   0% (0/1)[Kremote: Resolving deltas: 100% (1/1)[Kremote: Resolving deltas: 100% (1/1), completed with 1 local object.[K
To https://github.com/pranjali985/mylibgit.git
   5801e5960..578232849  master -> master
Branch 'master' set up to track remote branch 'master' from 'origin'.
]0;pranjali@TIGER02498: ~/mylibgit[01;32mpranjali@TIGER02498[00m:[01;34m~/mylibgit[00m$ git staut[K[Ktus
On branch master
Your branch is up to date with 'origin/master'.

nothing to commit, working tree clean
]0;pranjali@TIGER02498: ~/mylibgit[01;32mpranjali@TIGER02498[00m:[01;34m~/mylibgit[00m$ vi[K[Kgit branch --move master main
]0;pranjali@TIGER02498: ~/mylibgit[01;32mpranjali@TIGER02498[00m:[01;34m~/mylibgit[00m$ git branch'[K
[?1h=  iss53[m[m
* [32mmain[m[m
[K[?1l>]0;pranjali@TIGER02498: ~/mylibgit[01;32mpranjali@TIGER02498[00m:[01;34m~/mylibgit[00m$ vi demo
[?1049h[22;0;0t[>4;2m[?1h=[?2004h[1;30r[?12h[?12l[22;2t[22;1t[27m[23m[29m[m[H[2J[?25l[30;1H"demo" [New File][2;1H▽[6n[2;1H  [1;1H[>c]10;?]11;?[2;1H[94m~                                                                                                                       [3;1H~                                                                                                                       [4;1H~                                                                                                                       [5;1H~                                                                                                                       [6;1H~                                                                                                                       [7;1H~                                                                                                                       [8;1H~                                                                                                                       [9;1H~                                                                                                                       [10;1H~                                                                                                                       [11;1H~                                                                                                                       [12;1H~                                                                                                                       [13;1H~                                                                                                                       [14;1H~                                                                                                                       [15;1H~                                                                                                                       [16;1H~                                                                                                                       [17;1H~                                                                                                                       [18;1H~                                                                                                                       [19;1H~                                                                                                                       [20;1H~                                                                                                                       [21;1H~                                                                                                                       [22;1H~                                                                                                                       [23;1H~                                                                                                                       [24;1H~                                                                                                                       [25;1H~                                                                                                                       [26;1H~                                                                                                                       [27;1H~                                                                                                                       [28;1H~                                                                                                                       [29;1H~                                                                                                                       [m[30;103H0,0-1[9CAll[1;1H[?25h[?25l[30;93Ho[1;1H[30;93H [2;1H[30;1H[1m-- INSERT --[m[30;13H[K[30;103H2,1[11CAll[2;1H[K[2;1H[?25h[?25ll[30;105H2[2;2H[?25h[?25lk[30;105H3[2;3H[?25h[?25lo[30;105H4[2;4H[?25h[30;1H[K[2;3H[?25l[30;93H^[[2;3H[30;93H  [2;4H[30;103H2,3[11CAll[2;3H[?25h[?25l[30;93H:[2;3H[30;93H[K[30;1H:[?2004h[?25hwq[?25l[?2004l"demo" [New] 2L, 5C written[23;2t[23;1t
[?2004l[?1l>[?25h[>4;m[?1049l[23;0;0t]0;pranjali@TIGER02498: ~/mylibgit[01;32mpranjali@TIGER02498[00m:[01;34m~/mylibgit[00m$ git br[K[K[K[K[K[Kvi demogit branch --move master main[K[K[K[K[K[K[K[K[Kin master
]0;pranjali@TIGER02498: ~/mylibgit[01;32mpranjali@TIGER02498[00m:[01;34m~/mylibgit[00m$ git push origin mast[K[K[K[K[K[K[K[K[K[K[K[K[K[K[K[K[K[K[K[Kgit add .
]0;pranjali@TIGER02498: ~/mylibgit[01;32mpranjali@TIGER02498[00m:[01;34m~/mylibgit[00m$ git status'[K
On branch master
Your branch is up to date with 'origin/master'.

Changes to be committed:
  (use "git restore --staged <file>..." to unstage)
	[32mnew file:   demo[m

]0;pranjali@TIGER02498: ~/mylibgit[01;32mpranjali@TIGER02498[00m:[01;34m~/mylibgit[00m$ git commit -m "add"
[master d09fd5fab] add
 1 file changed, 2 insertions(+)
 create mode 100644 demo
]0;pranjali@TIGER02498: ~/mylibgit[01;32mpranjali@TIGER02498[00m:[01;34m~/mylibgit[00m$ git push origin master
Enumerating objects: 4, done.
Counting objects:  25% (1/4)Counting objects:  50% (2/4)Counting objects:  75% (3/4)Counting objects: 100% (4/4)Counting objects: 100% (4/4), done.
Delta compression using up to 8 threads
Compressing objects:  50% (1/2)Compressing objects: 100% (2/2)Compressing objects: 100% (2/2), done.
Writing objects:  33% (1/3)Writing objects:  66% (2/3)Writing objects: 100% (3/3)Writing objects: 100% (3/3), 279 bytes | 139.00 KiB/s, done.
Total 3 (delta 1), reused 0 (delta 0)
remote: Resolving deltas:   0% (0/1)[Kremote: Resolving deltas: 100% (1/1)[Kremote: Resolving deltas: 100% (1/1), completed with 1 local object.[K
To https://github.com/pranjali985/mylibgit.git
   578232849..d09fd5fab  master -> master
]0;pranjali@TIGER02498: ~/mylibgit[01;32mpranjali@TIGER02498[00m:[01;34m~/mylibgit[00m$ gti [K[K[Kit branch --move master main
]0;pranjali@TIGER02498: ~/mylibgit[01;32mpranjali@TIGER02498[00m:[01;34m~/mylibgit[00m$ go[Kit[Kt push origin --delete mastwer[K[K[Ker
To https://github.com/pranjali985/mylibgit.git
 - [deleted]             master
]0;pranjali@TIGER02498: ~/mylibgit[01;32mpranjali@TIGER02498[00m:[01;34m~/mylibgit[00m$ git branch
[?1h=  iss53[m[m
* [32mmain[m[m
[K[?1l>]0;pranjali@TIGER02498: ~/mylibgit[01;32mpranjali@TIGER02498[00m:[01;34m~/mylibgit[00m$ exit
exit

Script done on 2022-03-28 18:14:03+05:30 [COMMAND_EXIT_CODE="0"]
